node.exe : error: unknown option '--no-lint'
At C:\Program Files\nodejs\npx.ps1:29 char:3
+   & $NODE_EXE $NPX_CLI_JS $args
+   ~~~~~~~~~~~~~~~~~~~~~~~~~~~~~
    + CategoryInfo          : NotSpecified: (error: unknown option '--no-lint':String) [], RemoteException
    + FullyQualifiedErrorId : NativeCommandError
 
